Microchip MPLAB XC8 Compiler V2.40

Linker command line:

-W-3 \
  --edf=C:\Program Files\Microchip\xc8\v2.40\pic\dat\20220703182018_en.msgs \
  -cn -h+dist/default/production\Proiect_PSI_L5_Start.X.production.sym \
  --cmf=dist/default/production\Proiect_PSI_L5_Start.X.production.cmf -z \
  -Q18F6585 -oC:\Users\Buggy\AppData\Local\Temp\xcAscbc.4 \
  --defsym=__MPLAB_BUILD=1 --fixupoverflow=error \
  -Mdist/default/production/Proiect_PSI_L5_Start.X.production.map \
  --md=C:\Users\Buggy\AppData\Local\Temp\xcAscbc.dat -E1 -ver=XC8 Compiler \
  -ACODE=00h-0BFFFh -ACONST=00h-0BFFFh -ASMALLCONST=01000h-010FFhx176 \
  -AMEDIUMCONST=01000h-0BFFFh -ACOMRAM=01h-05Fh -AABS1=00h-0CFFh \
  -ABIGRAM=01h-0CFFh -ARAM=060h-0FFh,0100h-01FFhx12 -ABANK0=060h-0FFh \
  -ABANK1=0100h-01FFh -ABANK2=0200h-02FFh -ABANK3=0300h-03FFh \
  -ABANK4=0400h-04FFh -ABANK5=0500h-05FFh -ABANK6=0600h-06FFh \
  -ABANK7=0700h-07FFh -ABANK8=0800h-08FFh -ABANK9=0900h-09FFh \
  -ABANK10=0A00h-0AFFh -ABANK11=0B00h-0BFFh -ABANK12=0C00h-0CFFh \
  -ASFR=0D00h-0DFFhx2,0F00h-0F5Fh,0F60h-0FFFh -ABIGSFR=0D00h-0FFFh \
  -ACONFIG=0300000h-030000Dh -AIDLOC=0200000h-0200007h \
  -AEEDATA=0F00000h-0F003FFh -peeprom_data=EEDATA \
  -preset_vec=00h,intcode=08h,intcodelo,powerup,init -pramtop=01000h \
  -psmallconst=SMALLCONST -pmediumconst=MEDIUMCONST -pconst=CONST \
  -AFARRAM=00h-00h \
  -prdata=COMRAM,nvrram=COMRAM,nvbit=COMRAM,rbss=COMRAM,rbit=COMRAM \
  -pfarbss=FARRAM,fardata=FARRAM,nvFARRAM=FARRAM \
  -pintsave_regs=BIGRAM,bigbss=BIGRAM,bigdata=BIGRAM -pbss=RAM \
  -pidata=CODE,irdata=CODE,ibigdata=CODE,ifardata=CODE -prparam=COMRAM \
  C:\Users\Buggy\AppData\Local\Temp\xcAscbc.o \
  dist/default/production\Proiect_PSI_L5_Start.X.production.o 

Object code version is 3.11

Machine type is 18F6585



                Name                               Link     Load   Length Selector   Space Scale
C:\Users\Buggy\AppData\Local\Temp\xcAscbc.o
                idloc                            200000   200000        8        0       5
                config                           300000   300000        E        0       4
                text                                D76      D76        2        4       0
                init                                 4C       4C        4        4       0
                reset_vec                             0        0        4        0       0
dist/default/production\Proiect_PSI_L5_Start.X.production.o
                intcode                               8        8       44        4       0
                idloc                            200000   200000        8        0       5
                config                           300000   300000        E        0       4
                temp                                 54       54        1        1       1
                text41                              860      860       66        4       0
                text40                              D06      D06       16        4       0
                text38                              A7A      A7A       44        4       0
                text37                              D1C      D1C       14        4       0
                text36                              CBE      CBE       1C        4       0
                text35                              BAA      BAA       34        4       0
                text34                              CF0      CF0       16        4       0
                text33                              D6E      D6E        6        4       0
                text32                              674      674       7E        4       0
                text31                              5F6      5F6       7E        4       0
                text30                              AFC      AFC       3E        4       0
                text29                              ABE      ABE       3E        4       0
                text28                              8C6      8C6       5E        4       0
                text27                              9D0      9D0       56        4       0
                text26                              C6C      C6C       2A        4       0
                text25                              576      576       80        4       0
                text24                               50       50       C4        4       0
                text23                              C96      C96       28        4       0
                text22                              4EE      4EE       88        4       0
                text21                              3D6      3D6       90        4       0
                text20                              346      346       90        4       0
                text19                              97A      97A       56        4       0
                text18                              D5E      D5E        A        4       0
                text17                              C10      C10       32        4       0
                text16                              B74      B74       36        4       0
                text15                              76E      76E       7C        4       0
                text14                              6F2      6F2       7C        4       0
                text13                              466      466       88        4       0
                text12                              A26      A26       54        4       0
                text11                              290      290       B6        4       0
                text10                              114      114       C2        4       0
                text9                               1D6      1D6       BA        4       0
                text8                               924      924       56        4       0
                text7                               D50      D50        E        4       0
                text6                               D68      D68        6        4       0
                text5                               CDA      CDA       16        4       0
                text4                               C42      C42       2A        4       0
                text3                               B3A      B3A       3A        4       0
                text2                               D30      D30       12        4       0
                text1                               7EA      7EA       76        4       0
                text0                               D42      D42        E        4       0
                cstackCOMRAM                         2E       2E       24        1       1
                dataCOMRAM                           52       52        2        1       1
                bssCOMRAM                             1        1       2D        1       1
                cinit                               BDE      BDE       32        4       0
                idataCOMRAM                         D74      D74        2        4       0

TOTAL           Name                               Link     Load   Length     Space
        CLASS   CODE           
                intcode                               8        8       44         0
                text                                D76      D76        2         0
                init                                 4C       4C        4         0
                reset_vec                             0        0        4         0
                text41                              860      860       66         0
                text40                              D06      D06       16         0
                text38                              A7A      A7A       44         0
                text37                              D1C      D1C       14         0
                text36                              CBE      CBE       1C         0
                text35                              BAA      BAA       34         0
                text34                              CF0      CF0       16         0
                text33                              D6E      D6E        6         0
                text32                              674      674       7E         0
                text31                              5F6      5F6       7E         0
                text30                              AFC      AFC       3E         0
                text29                              ABE      ABE       3E         0
                text28                              8C6      8C6       5E         0
                text27                              9D0      9D0       56         0
                text26                              C6C      C6C       2A         0
                text25                              576      576       80         0
                text24                               50       50       C4         0
                text23                              C96      C96       28         0
                text22                              4EE      4EE       88         0
                text21                              3D6      3D6       90         0
                text20                              346      346       90         0
                text19                              97A      97A       56         0
                text18                              D5E      D5E        A         0
                text17                              C10      C10       32         0
                text16                              B74      B74       36         0
                text15                              76E      76E       7C         0
                text14                              6F2      6F2       7C         0
                text13                              466      466       88         0
                text12                              A26      A26       54         0
                text11                              290      290       B6         0
                text10                              114      114       C2         0
                text9                               1D6      1D6       BA         0
                text8                               924      924       56         0
                text7                               D50      D50        E         0
                text6                               D68      D68        6         0
                text5                               CDA      CDA       16         0
                text4                               C42      C42       2A         0
                text3                               B3A      B3A       3A         0
                text2                               D30      D30       12         0
                text1                               7EA      7EA       76         0
                text0                               D42      D42        E         0
                cinit                               BDE      BDE       32         0
                idataCOMRAM                         D74      D74        2         0

        CLASS   CONST          

        CLASS   SMALLCONST     

        CLASS   MEDIUMCONST    

        CLASS   COMRAM         
                temp                                 54       54        1         1
                cstackCOMRAM                         2E       2E       24         1
                dataCOMRAM                           52       52        2         1
                bssCOMRAM                             1        1       2D         1

        CLASS   ABS1           

        CLASS   BIGRAM         

        CLASS   RAM            

        CLASS   BANK0          

        CLASS   BANK1          

        CLASS   BANK2          

        CLASS   BANK3          

        CLASS   BANK4          

        CLASS   BANK5          

        CLASS   BANK6          

        CLASS   BANK7          

        CLASS   BANK8          

        CLASS   BANK9          

        CLASS   BANK10         

        CLASS   BANK11         

        CLASS   BANK12         

        CLASS   SFR            

        CLASS   BIGSFR         

        CLASS   CONFIG         
                config                           300000   300000        E         4

        CLASS   IDLOC          
                idloc                            200000   200000        8         5

        CLASS   EEDATA         

        CLASS   FARRAM         

        CLASS   HEAP           

        CLASS   STACK          



SEGMENTS        Name                           Load    Length   Top    Selector   Space  Class

                reset_vec                      000000  000004  000004         0       0  CODE    
                bssCOMRAM                      000001  000054  000055         1       1  COMRAM  
                intcode                        000008  000D70  000D78         4       0  CODE    


UNUSED ADDRESS RANGES

        Name                Unused          Largest block    Delta
        BANK0            000060-0000FF               A0
        BANK1            000100-0001FF              100
        BANK10           000A00-000AFF              100
        BANK11           000B00-000BFF              100
        BANK12           000C00-000CFF              100
        BANK2            000200-0002FF              100
        BANK3            000300-0003FF              100
        BANK4            000400-0004FF              100
        BANK5            000500-0005FF              100
        BANK6            000600-0006FF              100
        BANK7            000700-0007FF              100
        BANK8            000800-0008FF              100
        BANK9            000900-0009FF              100
        BIGRAM           000055-000CFF              CAB
        BIGSFR           000D00-000FFF              300
        CODE             000004-000007                4
                         000D78-00BFFF             B288
        COMRAM           000055-00005F                B
        CONST            000004-000007                4
                         000D78-00BFFF             B288
        EEDATA           F00000-F003FF              400
        MEDIUMCONST      001000-00BFFF             B000
        RAM              000060-000CFF              100
        SFR              000D00-000FFF              100
        SMALLCONST       001000-00BFFF              100

                                  Symbol Table

?_ADC_u16ReadAdcValue                                                      cstackCOMRAM 000035
?_IOC_T16GetInputPort                                                      cstackCOMRAM 00003F
?_PCS_T16GetInputPortC                                                     cstackCOMRAM 000035
?___ftpack                                                                 cstackCOMRAM 000035
?___lwtoft                                                                 cstackCOMRAM 00003D
ADC_u16ReadAdcValue@U8Channel                                              cstackCOMRAM 00003A
ADC_u16ReadAdcValue@U8ChannelValue                                         cstackCOMRAM 000039
IOC_T16GetInputPort@pinValue                                               cstackCOMRAM 000041
IOC_T16GetInputPort@u16ChannelMask                                         cstackCOMRAM 000043
IOC_T16GetInputPort@u16ChannelSelect                                       cstackCOMRAM 00003F
IOC_vSetOutputPort@u16ChannelMask                                          cstackCOMRAM 000048
IOC_vSetOutputPort@u16ChannelSelect                                        cstackCOMRAM 000045
IOC_vSetOutputPort@u8Value                                                 cstackCOMRAM 000047
LIGHTS_BrakeRun@counter                                                    bssCOMRAM    00001B
PCS_T16GetInputPortC@u8BitNumber                                           cstackCOMRAM 00003D
PCS_T16GetInputPortC@u8BitNumberValue                                      cstackCOMRAM 00003E
PCS_vSetOutputPortD@u8BitNumber                                            cstackCOMRAM 00003B
PCS_vSetOutputPortD@u8BitNumberValue                                       cstackCOMRAM 00003C
PCS_vSetOutputPortD@u8BitValue                                             cstackCOMRAM 00003A
PCS_vSetOutputPortD@u8Value                                                cstackCOMRAM 000035
PCS_vSetOutputPortE@u8BitNumber                                            cstackCOMRAM 00003B
PCS_vSetOutputPortE@u8BitNumberValue                                       cstackCOMRAM 00003C
PCS_vSetOutputPortE@u8BitValue                                             cstackCOMRAM 00003A
PCS_vSetOutputPortE@u8Value                                                cstackCOMRAM 000035
SGL_BlinkPasiveState@firstEntry                                            dataCOMRAM   000053
SGL_BlinkSwitchOffState@counterRuns                                        bssCOMRAM    00001D
SGL_BlinkSwitchOffState@extraToggle                                        bssCOMRAM    00001C
SGL_BlinkSwitchOnState@firstEntry                                          dataCOMRAM   000052
SGL_BlinkSwitchOnState@side                                                bssCOMRAM    00001E
SGL_isNight@currentLightLevel                                              cstackCOMRAM 000049
SGL_isNight@prevState                                                      bssCOMRAM    00001A
SGL_setAllHazardLights@toggle                                              cstackCOMRAM 00004A
SGL_setSideHazardLights@side                                               cstackCOMRAM 00004A
SGL_setSideHazardLights@value                                              cstackCOMRAM 00004B
SGL_toggleAllHazardLights@toggle                                           cstackCOMRAM 00004A
SGL_toggleSideHazardLights@side                                            cstackCOMRAM 00004C
SGL_toggleSideHazardLights@toggle                                          cstackCOMRAM 00004A
_ADCON0bits                                                                (abs)        000FC2
_ADCON1bits                                                                (abs)        000FC1
_ADCON2bits                                                                (abs)        000FC0
_ADC_u16ReadAdcValue                                                       text29       000ABE
_ADC_u16ReadAdcValue$374                                                   cstackCOMRAM 000037
_ADC_vConversionCompleted                                                  text41       000860
_ADC_vInit                                                                 text38       000A7A
_ADRESH                                                                    (abs)        000FC4
_ADRESL                                                                    (abs)        000FC3
_INTCONbits                                                                (abs)        000FF2
_INT_vInit                                                                 text37       000D1C
_INT_vInterruptHandler                                                     intcode      000008
_IOC_T16GetInputPort                                                       text27       0009D0
_IOC_vSetOutputPort                                                        text30       000AFC
_IPR1bits                                                                  (abs)        000F9F
_LIGHTS_BrakeInit                                                          text5        000CDA
_LIGHTS_BrakeRun                                                           text17       000C10
_LIGHTS_DemoEventPoll                                                      (abs)        000000
_LIGHTS_DemoState1                                                         (abs)        000000
_LIGHTS_DemoState2                                                         (abs)        000000
_LIGHTS_HeadLampInit                                                       text4        000C42
_LIGHTS_HeadLampRun                                                        text19       00097A
_PCS_T16GetInputPortC                                                      text28       0008C6
_PCS_T16GetInputPortC$716                                                  cstackCOMRAM 00003B
_PCS_vInit                                                                 text36       000CBE
_PCS_vSetOutputPortD                                                       text32       000674
_PCS_vSetOutputPortD$706                                                   cstackCOMRAM 000038
_PCS_vSetOutputPortE                                                       text31       0005F6
_PCS_vSetOutputPortE$712                                                   cstackCOMRAM 000038
_PIE1bits                                                                  (abs)        000F9D
_PIR1bits                                                                  (abs)        000F9E
_PORTC                                                                     (abs)        000F82
_PORTD                                                                     (abs)        000F83
_PORTE                                                                     (abs)        000F84
_PR2                                                                       (abs)        000FCB
_SCHED_vInitSystem                                                         text34       000CF0
_SCHED_vStartScheduler                                                     text1        0007EA
_SCHED_vTickFunctionCall                                                   text40       000D06
_SGL_BlinkEventPoll                                                        text16       000B74
_SGL_BlinkPasiveState                                                      text9        0001D6
_SGL_BlinkSwitchOffState                                                   text10       000114
_SGL_BlinkSwitchOnState                                                    text11       000290
_SGL_BlinkersInit                                                          text3        000B3A
_SGL_BlinkersRun                                                           text8        000924
_SGL_HeadLightActiveState                                                  text20       000346
_SGL_HeadLightEventPoll                                                    text26       000C6C
_SGL_HeadLightPasiveState                                                  text21       0003D6
_SGL_isNight                                                               text22       0004EE
_SGL_setAllHazardLights                                                    text15       00076E
_SGL_setSideHazardLights                                                   text12       000A26
_SGL_toggleAllHazardLights                                                 text14       0006F2
_SGL_toggleSideHazardLights                                                text13       000466
_T2CON                                                                     (abs)        000FCA
_T2CONbits                                                                 (abs)        000FCA
_TASK_vTask100ms                                                           text33       000D6E
_TASK_vTask10ms                                                            text18       000D5E
_TASK_vTask1ms                                                             text7        000D50
_TASK_vTask1s                                                              text6        000D68
_TASK_vTaskAppInit                                                         text2        000D30
_TIM_vInit                                                                 text35       000BAA
_TMR2                                                                      (abs)        000FCC
_TRISAbits                                                                 (abs)        000F92
_TRISCbits                                                                 (abs)        000F94
_TRISD                                                                     (abs)        000F95
_TRISEbits                                                                 (abs)        000F96
__HRAM                                                                     (abs)        000000
__Habs1                                                                    abs1         000000
__Hbank0                                                                   bank0        000000
__Hbank1                                                                   bank1        000000
__Hbank10                                                                  bank10       000000
__Hbank11                                                                  bank11       000000
__Hbank12                                                                  bank12       000000
__Hbank2                                                                   bank2        000000
__Hbank3                                                                   bank3        000000
__Hbank4                                                                   bank4        000000
__Hbank5                                                                   bank5        000000
__Hbank6                                                                   bank6        000000
__Hbank7                                                                   bank7        000000
__Hbank8                                                                   bank8        000000
__Hbank9                                                                   bank9        000000
__Hbigbss                                                                  bigbss       000000
__Hbigdata                                                                 bigdata      000000
__Hbigram                                                                  bigram       000000
__Hbigsfr                                                                  bigsfr       000000
__Hbss                                                                     bss          000000
__HbssCOMRAM                                                               bssCOMRAM    000000
__Hcinit                                                                   cinit        000000
__Hclrtext                                                                 clrtext      000000
__Hcomram                                                                  comram       000000
__Hconfig                                                                  config       30000E
__Hconst                                                                   const        000000
__HcstackCOMRAM                                                            cstackCOMRAM 000000
__Hdata                                                                    data         000000
__HdataCOMRAM                                                              dataCOMRAM   000000
__Heeprom_data                                                             eeprom_data  000000
__Hfarbss                                                                  farbss       000000
__Hfardata                                                                 fardata      000000
__Hheap                                                                    heap         000000
__Hibigdata                                                                ibigdata     000000
__Hidata                                                                   idata        000000
__HidataCOMRAM                                                             idataCOMRAM  000000
__Hidloc                                                                   idloc        200008
__Hifardata                                                                ifardata     000000
__Hinit                                                                    init         000050
__Hintcode                                                                 intcode      00004C
__Hintcode_body                                                            intcode_body 000000
__Hintcodelo                                                               intcodelo    00004C
__Hintentry                                                                intentry     000000
__Hintret                                                                  intret       000000
__Hintsave_regs                                                            intsave_regs 000000
__Hirdata                                                                  irdata       000000
__Hmediumconst                                                             mediumconst  000000
__HnvFARRAM                                                                nvFARRAM     000000
__Hnvbit                                                                   nvbit        000000
__Hnvrram                                                                  nvrram       000000
__Hparam                                                                   rparam       000000
__Hpowerup                                                                 powerup      00004C
__Hram                                                                     ram          000000
__Hramtop                                                                  ramtop       001000
__Hrbit                                                                    rbit         000000
__Hrbss                                                                    rbss         000000
__Hrdata                                                                   rdata        000000
__Hreset_vec                                                               reset_vec    000004
__Hrparam                                                                  rparam       000000
__Hsfr                                                                     sfr          000000
__Hsmallconst                                                              smallconst   000000
__Hspace_0                                                                 (abs)        001000
__Hspace_1                                                                 (abs)        000055
__Hspace_2                                                                 (abs)        000000
__Hspace_4                                                                 (abs)        60000E
__Hstack                                                                   stack        000000
__Hstruct                                                                  struct       000000
__Htemp                                                                    temp         000055
__Htext                                                                    text         000000
__Htext0                                                                   text0        000000
__Htext1                                                                   text1        000000
__Htext10                                                                  text10       000000
__Htext11                                                                  text11       000000
__Htext12                                                                  text12       000000
__Htext13                                                                  text13       000000
__Htext14                                                                  text14       000000
__Htext15                                                                  text15       000000
__Htext16                                                                  text16       000000
__Htext17                                                                  text17       000000
__Htext18                                                                  text18       000000
__Htext19                                                                  text19       000000
__Htext2                                                                   text2        000000
__Htext20                                                                  text20       000000
__Htext21                                                                  text21       000000
__Htext22                                                                  text22       000000
__Htext23                                                                  text23       000000
__Htext24                                                                  text24       000000
__Htext25                                                                  text25       000000
__Htext26                                                                  text26       000000
__Htext27                                                                  text27       000000
__Htext28                                                                  text28       000000
__Htext29                                                                  text29       000000
__Htext3                                                                   text3        000000
__Htext30                                                                  text30       000000
__Htext31                                                                  text31       000000
__Htext32                                                                  text32       000000
__Htext33                                                                  text33       000000
__Htext34                                                                  text34       000000
__Htext35                                                                  text35       000000
__Htext36                                                                  text36       000000
__Htext37                                                                  text37       000000
__Htext38                                                                  text38       000000
__Htext4                                                                   text4        000000
__Htext40                                                                  text40       000000
__Htext41                                                                  text41       000000
__Htext42                                                                  text42       000000
__Htext5                                                                   text5        000000
__Htext6                                                                   text6        000000
__Htext7                                                                   text7        000000
__Htext8                                                                   text8        000000
__Htext9                                                                   text9        000000
__LRAM                                                                     (abs)        000001
__Labs1                                                                    abs1         000000
__Lbank0                                                                   bank0        000000
__Lbank1                                                                   bank1        000000
__Lbank10                                                                  bank10       000000
__Lbank11                                                                  bank11       000000
__Lbank12                                                                  bank12       000000
__Lbank2                                                                   bank2        000000
__Lbank3                                                                   bank3        000000
__Lbank4                                                                   bank4        000000
__Lbank5                                                                   bank5        000000
__Lbank6                                                                   bank6        000000
__Lbank7                                                                   bank7        000000
__Lbank8                                                                   bank8        000000
__Lbank9                                                                   bank9        000000
__Lbigbss                                                                  bigbss       000000
__Lbigdata                                                                 bigdata      000000
__Lbigram                                                                  bigram       000000
__Lbigsfr                                                                  bigsfr       000000
__Lbss                                                                     bss          000000
__LbssCOMRAM                                                               bssCOMRAM    000000
__Lcinit                                                                   cinit        000000
__Lclrtext                                                                 clrtext      000000
__Lcomram                                                                  comram       000000
__Lconfig                                                                  config       000000
__Lconst                                                                   const        000000
__LcstackCOMRAM                                                            cstackCOMRAM 000000
__Ldata                                                                    data         000000
__LdataCOMRAM                                                              dataCOMRAM   000000
__Leeprom_data                                                             eeprom_data  000000
__Lfarbss                                                                  farbss       000000
__Lfardata                                                                 fardata      000000
__Lheap                                                                    heap         000000
__Libigdata                                                                ibigdata     000000
__Lidata                                                                   idata        000000
__LidataCOMRAM                                                             idataCOMRAM  000000
__Lidloc                                                                   idloc        000000
__Lifardata                                                                ifardata     000000
__Linit                                                                    init         00004C
__Lintcode                                                                 intcode      000008
__Lintcode_body                                                            intcode_body 000000
__Lintcodelo                                                               intcodelo    00004C
__Lintentry                                                                intentry     000000
__Lintret                                                                  intret       000000
__Lintsave_regs                                                            intsave_regs 000000
__Lirdata                                                                  irdata       000000
__Lmediumconst                                                             mediumconst  000000
__LnvFARRAM                                                                nvFARRAM     000000
__Lnvbit                                                                   nvbit        000000
__Lnvrram                                                                  nvrram       000000
__Lparam                                                                   rparam       000000
__Lpowerup                                                                 powerup      00004C
__Lram                                                                     ram          000000
__Lramtop                                                                  ramtop       001000
__Lrbit                                                                    rbit         000000
__Lrbss                                                                    rbss         000000
__Lrdata                                                                   rdata        000000
__Lreset_vec                                                               reset_vec    000000
__Lrparam                                                                  rparam       000000
__Lsfr                                                                     sfr          000000
__Lsmallconst                                                              smallconst   000000
__Lspace_0                                                                 (abs)        000000
__Lspace_1                                                                 (abs)        000000
__Lspace_2                                                                 (abs)        000000
__Lspace_4                                                                 (abs)        000000
__Lstack                                                                   stack        000000
__Lstruct                                                                  struct       000000
__Ltemp                                                                    temp         000054
__Ltext                                                                    text         000000
__Ltext0                                                                   text0        000000
__Ltext1                                                                   text1        000000
__Ltext10                                                                  text10       000000
__Ltext11                                                                  text11       000000
__Ltext12                                                                  text12       000000
__Ltext13                                                                  text13       000000
__Ltext14                                                                  text14       000000
__Ltext15                                                                  text15       000000
__Ltext16                                                                  text16       000000
__Ltext17                                                                  text17       000000
__Ltext18                                                                  text18       000000
__Ltext19                                                                  text19       000000
__Ltext2                                                                   text2        000000
__Ltext20                                                                  text20       000000
__Ltext21                                                                  text21       000000
__Ltext22                                                                  text22       000000
__Ltext23                                                                  text23       000000
__Ltext24                                                                  text24       000000
__Ltext25                                                                  text25       000000
__Ltext26                                                                  text26       000000
__Ltext27                                                                  text27       000000
__Ltext28                                                                  text28       000000
__Ltext29                                                                  text29       000000
__Ltext3                                                                   text3        000000
__Ltext30                                                                  text30       000000
__Ltext31                                                                  text31       000000
__Ltext32                                                                  text32       000000
__Ltext33                                                                  text33       000000
__Ltext34                                                                  text34       000000
__Ltext35                                                                  text35       000000
__Ltext36                                                                  text36       000000
__Ltext37                                                                  text37       000000
__Ltext38                                                                  text38       000000
__Ltext4                                                                   text4        000000
__Ltext40                                                                  text40       000000
__Ltext41                                                                  text41       000000
__Ltext42                                                                  text42       000000
__Ltext5                                                                   text5        000000
__Ltext6                                                                   text6        000000
__Ltext7                                                                   text7        000000
__Ltext8                                                                   text8        000000
__Ltext9                                                                   text9        000000
__S0                                                                       (abs)        000D78
__S1                                                                       (abs)        000055
__S4                                                                       (abs)        000000
__S5                                                                       (abs)        000000
___ftge                                                                    text25       000576
___ftge@ff1                                                                cstackCOMRAM 000040
___ftge@ff2                                                                cstackCOMRAM 000043
___ftpack                                                                  text24       000050
___ftpack@arg                                                              cstackCOMRAM 000035
___ftpack@exp                                                              cstackCOMRAM 000038
___ftpack@sign                                                             cstackCOMRAM 000039
___heap_hi                                                                 (abs)        000000
___heap_lo                                                                 (abs)        000000
___inthi_sp                                                                stack        000000
___intlo_sp                                                                stack        000000
___lwtoft                                                                  text23       000C96
___lwtoft@c                                                                cstackCOMRAM 00003D
___param_bank                                                              (abs)        000000
___rparam_used                                                             (abs)        000001
___sp                                                                      stack        000000
__accesstop                                                                (abs)        000060
__activetblptr                                                             (abs)        000002
__cntErrataNOP_C:\Users\Buggy\AppData\Local\Temp\xcAscbc.o                 (abs)        000001
__cntErrataNOP_dist/default/production\Proiect_PSI_L5_Start.X.production.o (abs)        0000B0
__end_of_ADC_u16ReadAdcValue                                               text29       000AFC
__end_of_ADC_vConversionCompleted                                          text41       0008C4
__end_of_ADC_vInit                                                         text38       000ABE
__end_of_INT_vInit                                                         text37       000D30
__end_of_INT_vInterruptHandler                                             intcode      00004C
__end_of_IOC_T16GetInputPort                                               text27       000A26
__end_of_IOC_vSetOutputPort                                                text30       000B3A
__end_of_LIGHTS_BrakeInit                                                  text5        000CF0
__end_of_LIGHTS_BrakeRun                                                   text17       000C42
__end_of_LIGHTS_HeadLampInit                                               text4        000C6C
__end_of_LIGHTS_HeadLampRun                                                text19       0009D0
__end_of_PCS_T16GetInputPortC                                              text28       000924
__end_of_PCS_vInit                                                         text36       000CDA
__end_of_PCS_vSetOutputPortD                                               text32       0006F2
__end_of_PCS_vSetOutputPortE                                               text31       000674
__end_of_SCHED_vInitSystem                                                 text34       000D06
__end_of_SCHED_vStartScheduler                                             text1        000860
__end_of_SCHED_vTickFunctionCall                                           text40       000D1C
__end_of_SGL_BlinkEventPoll                                                text16       000BAA
__end_of_SGL_BlinkPasiveState                                              text9        000290
__end_of_SGL_BlinkSwitchOffState                                           text10       0001D6
__end_of_SGL_BlinkSwitchOnState                                            text11       000346
__end_of_SGL_BlinkersInit                                                  text3        000B74
__end_of_SGL_BlinkersRun                                                   text8        00097A
__end_of_SGL_HeadLightActiveState                                          text20       0003D6
__end_of_SGL_HeadLightEventPoll                                            text26       000C96
__end_of_SGL_HeadLightPasiveState                                          text21       000466
__end_of_SGL_isNight                                                       text22       000576
__end_of_SGL_setAllHazardLights                                            text15       0007EA
__end_of_SGL_setSideHazardLights                                           text12       000A7A
__end_of_SGL_toggleAllHazardLights                                         text14       00076E
__end_of_SGL_toggleSideHazardLights                                        text13       0004EE
__end_of_TASK_vTask100ms                                                   text33       000D74
__end_of_TASK_vTask10ms                                                    text18       000D68
__end_of_TASK_vTask1ms                                                     text7        000D5E
__end_of_TASK_vTask1s                                                      text6        000D6E
__end_of_TASK_vTaskAppInit                                                 text2        000D42
__end_of_TIM_vInit                                                         text35       000BDE
__end_of___ftge                                                            text25       0005F6
__end_of___ftpack                                                          text24       000114
__end_of___lwtoft                                                          text23       000CBE
__end_of__initialization                                                   cinit        000C02
__end_of_main                                                              text0        000D50
__initialization                                                           cinit        000BDE
__mediumconst                                                              mediumconst  000000
__pbssCOMRAM                                                               bssCOMRAM    000001
__pcinit                                                                   cinit        000BDE
__pcstackCOMRAM                                                            cstackCOMRAM 00002E
__pdataCOMRAM                                                              dataCOMRAM   000052
__pidataCOMRAM                                                             idataCOMRAM  000D74
__pintcode                                                                 intcode      000008
__ptext0                                                                   text0        000D42
__ptext1                                                                   text1        0007EA
__ptext10                                                                  text10       000114
__ptext11                                                                  text11       000290
__ptext12                                                                  text12       000A26
__ptext13                                                                  text13       000466
__ptext14                                                                  text14       0006F2
__ptext15                                                                  text15       00076E
__ptext16                                                                  text16       000B74
__ptext17                                                                  text17       000C10
__ptext18                                                                  text18       000D5E
__ptext19                                                                  text19       00097A
__ptext2                                                                   text2        000D30
__ptext20                                                                  text20       000346
__ptext21                                                                  text21       0003D6
__ptext22                                                                  text22       0004EE
__ptext23                                                                  text23       000C96
__ptext24                                                                  text24       000050
__ptext25                                                                  text25       000576
__ptext26                                                                  text26       000C6C
__ptext27                                                                  text27       0009D0
__ptext28                                                                  text28       0008C6
__ptext29                                                                  text29       000ABE
__ptext3                                                                   text3        000B3A
__ptext30                                                                  text30       000AFC
__ptext31                                                                  text31       0005F6
__ptext32                                                                  text32       000674
__ptext33                                                                  text33       000D6E
__ptext34                                                                  text34       000CF0
__ptext35                                                                  text35       000BAA
__ptext36                                                                  text36       000CBE
__ptext37                                                                  text37       000D1C
__ptext38                                                                  text38       000A7A
__ptext4                                                                   text4        000C42
__ptext40                                                                  text40       000D06
__ptext41                                                                  text41       000860
__ptext42                                                                  text42       000000
__ptext5                                                                   text5        000CDA
__ptext6                                                                   text6        000D68
__ptext7                                                                   text7        000D50
__ptext8                                                                   text8        000924
__ptext9                                                                   text9        0001D6
__ramtop                                                                   ramtop       001000
__smallconst                                                               smallconst   000000
_au16AdcReadValue                                                          bssCOMRAM    000012
_blinkerSM                                                                 bssCOMRAM    000021
_demoSM                                                                    bssCOMRAM    00000A
_headLightSM                                                               bssCOMRAM    000001
_main                                                                      text0        000D42
_sched_bTicked                                                             bssCOMRAM    000016
_sched_gTick100ms                                                          bssCOMRAM    00001F
_sched_gTick10ms                                                           bssCOMRAM    000020
_sched_gTick1s                                                             bssCOMRAM    000018
btemp                                                                      temp         000054
end_of_initialization                                                      cinit        000C02
int$flags                                                                  temp         000054
intlevel0                                                                  text         000D76
intlevel1                                                                  text         000D76
intlevel2                                                                  text         000D76
intlevel3                                                                  text         000D76
isa$std                                                                    (abs)        000001
isa$xinst                                                                  (abs)        000000
stackhi                                                                    (abs)        000000
stacklo                                                                    (abs)        000000
start                                                                      init         00004C
start_initialization                                                       cinit        000BDE
ttemp5                                                                     temp         000055
ttemp6                                                                     temp         000058
ttemp7                                                                     temp         00005C
wtemp8                                                                     temp         000055


MODULE INFORMATION

Module		Function		Class		Link	Load	Size
lights.c
		_SGL_HeadLightActiveState		CODE           	0346	0000	144
		_SGL_HeadLightPasiveState		CODE           	03D6	0000	144
		_LIGHTS_BrakeInit		CODE           	0CDA	0000	22
		_SGL_isNight   		CODE           	04EE	0000	136
		_SGL_HeadLightEventPoll		CODE           	0C6C	0000	42
		_LIGHTS_HeadLampInit		CODE           	0C42	0000	42
		_LIGHTS_BrakeRun		CODE           	0C10	0000	50
		_LIGHTS_HeadLampRun		CODE           	097A	0000	86

lights.c estimated size: 666

C:\Program Files\Microchip\xc8\v2.40\pic\sources\c90\common\ftge.c
		___ftge        		CODE           	0576	0000	128

C:\Program Files\Microchip\xc8\v2.40\pic\sources\c90\common\ftge.c estimated size: 128

ioc.c
		_IOC_T16GetInputPort		CODE           	09D0	0000	86
		_IOC_vSetOutputPort		CODE           	0AFC	0000	62

ioc.c estimated size: 148

sched.c
		_SCHED_vTickFunctionCall		CODE           	0D06	0000	22
		_SCHED_vInitSystem		CODE           	0CF0	0000	22
		_SCHED_vStartScheduler		CODE           	07EA	0000	118

sched.c estimated size: 162

C:\Program Files\Microchip\xc8\v2.40\pic\sources\c90\common\lwtoft.c
		___lwtoft      		CODE           	0C96	0000	40

C:\Program Files\Microchip\xc8\v2.40\pic\sources\c90\common\lwtoft.c estimated size: 40

pcs.c
		_PCS_vInit     		CODE           	0CBE	0000	28
		_PCS_vSetOutputPortD		CODE           	0674	0000	126
		_PCS_vSetOutputPortE		CODE           	05F6	0000	126
		_PCS_T16GetInputPortC		CODE           	08C6	0000	94

pcs.c estimated size: 374

adc.c
		_ADC_vConversionCompleted		CODE           	0860	0000	100
		_ADC_vInit     		CODE           	0A7A	0000	68
		_ADC_u16ReadAdcValue		CODE           	0ABE	0000	62

adc.c estimated size: 230

C:\Program Files\Microchip\xc8\v2.40\pic\sources\c90\common\float.c
		___ftpack      		CODE           	0050	0000	196

C:\Program Files\Microchip\xc8\v2.40\pic\sources\c90\common\float.c estimated size: 196

tasks.c
		_TASK_vTask1s  		CODE           	0D68	0000	6
		_TASK_vTask1ms 		CODE           	0D50	0000	14
		_TASK_vTask10ms		CODE           	0D5E	0000	10
		_TASK_vTaskAppInit		CODE           	0D30	0000	18
		_TASK_vTask100ms		CODE           	0D6E	0000	6

tasks.c estimated size: 54

int.c
		_INT_vInit     		CODE           	0D1C	0000	20
		_INT_vInterruptHandler		CODE           	0008	0000	68

int.c estimated size: 88

shared
		__initialization		CODE           	0BDE	0000	36

shared estimated size: 36

sgl.c
		_SGL_BlinkersRun		CODE           	0924	0000	86
		_SGL_BlinkEventPoll		CODE           	0B74	0000	54
		_SGL_setAllHazardLights		CODE           	076E	0000	124
		_SGL_setSideHazardLights		CODE           	0A26	0000	84
		_SGL_toggleAllHazardLights		CODE           	06F2	0000	124
		_SGL_BlinkSwitchOffState		CODE           	0114	0000	194
		_SGL_BlinkSwitchOnState		CODE           	0290	0000	182
		_SGL_BlinkPasiveState		CODE           	01D6	0000	186
		_SGL_BlinkersInit		CODE           	0B3A	0000	58
		_SGL_toggleSideHazardLights		CODE           	0466	0000	136

sgl.c estimated size: 1228

tim.c
		_TIM_vInit     		CODE           	0BAA	0000	52

tim.c estimated size: 52

main.c
		_main          		CODE           	0D42	0000	14

main.c estimated size: 14

