Microchip MPLAB XC8 Compiler V2.40

Linker command line:

-W-3 \
  --edf=C:\Program Files\Microchip\xc8\v2.40\pic\dat\20220703182018_en.msgs \
  -cn -h+dist/default/production\Proiect_PSI_L5_Start.X.production.sym \
  --cmf=dist/default/production\Proiect_PSI_L5_Start.X.production.cmf -z \
  -Q18F6585 -oC:\Users\Buggy\AppData\Local\Temp\xcAs3s4.4 \
  --defsym=__MPLAB_BUILD=1 --fixupoverflow=error \
  -Mdist/default/production/Proiect_PSI_L5_Start.X.production.map \
  --md=C:\Users\Buggy\AppData\Local\Temp\xcAs3s4.dat -E1 -ver=XC8 Compiler \
  -ACODE=00h-0BFFFh -ACONST=00h-0BFFFh -ASMALLCONST=01000h-010FFhx176 \
  -AMEDIUMCONST=01000h-0BFFFh -ACOMRAM=01h-05Fh -AABS1=00h-0CFFh \
  -ABIGRAM=01h-0CFFh -ARAM=060h-0FFh,0100h-01FFhx12 -ABANK0=060h-0FFh \
  -ABANK1=0100h-01FFh -ABANK2=0200h-02FFh -ABANK3=0300h-03FFh \
  -ABANK4=0400h-04FFh -ABANK5=0500h-05FFh -ABANK6=0600h-06FFh \
  -ABANK7=0700h-07FFh -ABANK8=0800h-08FFh -ABANK9=0900h-09FFh \
  -ABANK10=0A00h-0AFFh -ABANK11=0B00h-0BFFh -ABANK12=0C00h-0CFFh \
  -ASFR=0D00h-0DFFhx2,0F00h-0F5Fh,0F60h-0FFFh -ABIGSFR=0D00h-0FFFh \
  -ACONFIG=0300000h-030000Dh -AIDLOC=0200000h-0200007h \
  -AEEDATA=0F00000h-0F003FFh -peeprom_data=EEDATA \
  -preset_vec=00h,intcode=08h,intcodelo,powerup,init -pramtop=01000h \
  -psmallconst=SMALLCONST -pmediumconst=MEDIUMCONST -pconst=CONST \
  -AFARRAM=00h-00h \
  -prdata=COMRAM,nvrram=COMRAM,nvbit=COMRAM,rbss=COMRAM,rbit=COMRAM \
  -pfarbss=FARRAM,fardata=FARRAM,nvFARRAM=FARRAM \
  -pintsave_regs=BIGRAM,bigbss=BIGRAM,bigdata=BIGRAM -pbss=RAM \
  -pidata=CODE,irdata=CODE,ibigdata=CODE,ifardata=CODE -prparam=COMRAM \
  C:\Users\Buggy\AppData\Local\Temp\xcAs3s4.o \
  dist/default/production\Proiect_PSI_L5_Start.X.production.o 

Object code version is 3.11

Machine type is 18F6585



                Name                               Link     Load   Length Selector   Space Scale
C:\Users\Buggy\AppData\Local\Temp\xcAs3s4.o
                idloc                            200000   200000        8        0       5
                config                           300000   300000        E        0       4
                text                               1EB8     1EB8        2      80C       0
                init                                 4C       4C        4        4       0
                reset_vec                             0        0        4        0       0
dist/default/production\Proiect_PSI_L5_Start.X.production.o
                intcode                               8        8       44        4       0
                idloc                            200000   200000        8        0       5
                config                           300000   300000        E        0       4
                temp                                 56       56        1        1       1
                smallconst                         1000     1000       18      800       0
                text45                             18C2     18C2       64      80C       0
                text44                             1E30     1E30       16      80C       0
                text42                             1E5A     1E5A       14      80C       0
                text41                             1E80     1E80       12      80C       0
                text40                             1984     1984       5C      80C       0
                text39                             1B7E     1B7E       44      80C       0
                text38                             1E46     1E46       14      80C       0
                text37                             1DE8     1DE8       1C      80C       0
                text36                             1CE8     1CE8       34      80C       0
                text35                             1E1A     1E1A       16      80C       0
                text34                             1EB0     1EB0        6      80C       0
                text33                             1C3E     1C3E       3E      80C       0
                text32                             1926     1926       5E      80C       0
                text31                             1A8C     1A8C       56      80C       0
                text30                             1752     1752       7E      80C       0
                text29                             16D4     16D4       7E      80C       0
                text28                             1C00     1C00       3E      80C       0
                text27                             1654     1654       80      80C       0
                text26                             12C6     12C6       C4      80C       0
                text25                             1DA2     1DA2       28      80C       0
                text24                             15CE     15CE       86      80C       0
                text23                             1D78     1D78       2A      80C       0
                text22                             1546     1546       88      80C       0
                text21                             142E     142E       90      80C       0
                text20                             138A     138A       A4      80C       0
                text19                             1A36     1A36       56      80C       0
                text18                             1EA0     1EA0        A      80C       0
                text17                             1BC2     1BC2       3E      80C       0
                text16                             1CB2     1CB2       36      80C       0
                text15                             1B36     1B36       48      80C       0
                text14                             17D0     17D0       7C      80C       0
                text13                             14BE     14BE       88      80C       0
                text12                             1AE2     1AE2       54      80C       0
                text11                             1018     1018       F8      80C       0
                text10                             11F0     11F0       D6      80C       0
                text9                              1110     1110       E0      80C       0
                text8                              19E0     19E0       56      80C       0
                text7                              1E92     1E92        E      80C       0
                text6                              1EAA     1EAA        6      80C       0
                text5                              1E04     1E04       16      80C       0
                text4                              1D4E     1D4E       2A      80C       0
                text3                              1C7C     1C7C       36      80C       0
                text2                              1E6E     1E6E       12      80C       0
                text1                              184C     184C       76      80C       0
                text0                              1DCA     1DCA       1E      80C       0
                cstackCOMRAM                         35       35       1F        1       1
                dataCOMRAM                           54       54        2        1       1
                bssCOMRAM                             1        1       34        1       1
                cinit                              1D1C     1D1C       32      80C       0
                idataCOMRAM                        1EB6     1EB6        2      80C       0

TOTAL           Name                               Link     Load   Length     Space
        CLASS   CODE           
                intcode                               8        8       44         0
                text                               1EB8     1EB8        2         0
                init                                 4C       4C        4         0
                reset_vec                             0        0        4         0
                text45                             18C2     18C2       64         0
                text44                             1E30     1E30       16         0
                text42                             1E5A     1E5A       14         0
                text41                             1E80     1E80       12         0
                text40                             1984     1984       5C         0
                text39                             1B7E     1B7E       44         0
                text38                             1E46     1E46       14         0
                text37                             1DE8     1DE8       1C         0
                text36                             1CE8     1CE8       34         0
                text35                             1E1A     1E1A       16         0
                text34                             1EB0     1EB0        6         0
                text33                             1C3E     1C3E       3E         0
                text32                             1926     1926       5E         0
                text31                             1A8C     1A8C       56         0
                text30                             1752     1752       7E         0
                text29                             16D4     16D4       7E         0
                text28                             1C00     1C00       3E         0
                text27                             1654     1654       80         0
                text26                             12C6     12C6       C4         0
                text25                             1DA2     1DA2       28         0
                text24                             15CE     15CE       86         0
                text23                             1D78     1D78       2A         0
                text22                             1546     1546       88         0
                text21                             142E     142E       90         0
                text20                             138A     138A       A4         0
                text19                             1A36     1A36       56         0
                text18                             1EA0     1EA0        A         0
                text17                             1BC2     1BC2       3E         0
                text16                             1CB2     1CB2       36         0
                text15                             1B36     1B36       48         0
                text14                             17D0     17D0       7C         0
                text13                             14BE     14BE       88         0
                text12                             1AE2     1AE2       54         0
                text11                             1018     1018       F8         0
                text10                             11F0     11F0       D6         0
                text9                              1110     1110       E0         0
                text8                              19E0     19E0       56         0
                text7                              1E92     1E92        E         0
                text6                              1EAA     1EAA        6         0
                text5                              1E04     1E04       16         0
                text4                              1D4E     1D4E       2A         0
                text3                              1C7C     1C7C       36         0
                text2                              1E6E     1E6E       12         0
                text1                              184C     184C       76         0
                text0                              1DCA     1DCA       1E         0
                cinit                              1D1C     1D1C       32         0
                idataCOMRAM                        1EB6     1EB6        2         0

        CLASS   CONST          

        CLASS   SMALLCONST     
                smallconst                         1000     1000       18         0

        CLASS   MEDIUMCONST    

        CLASS   COMRAM         
                temp                                 56       56        1         1
                cstackCOMRAM                         35       35       1F         1
                dataCOMRAM                           54       54        2         1
                bssCOMRAM                             1        1       34         1

        CLASS   ABS1           

        CLASS   BIGRAM         

        CLASS   RAM            

        CLASS   BANK0          

        CLASS   BANK1          

        CLASS   BANK2          

        CLASS   BANK3          

        CLASS   BANK4          

        CLASS   BANK5          

        CLASS   BANK6          

        CLASS   BANK7          

        CLASS   BANK8          

        CLASS   BANK9          

        CLASS   BANK10         

        CLASS   BANK11         

        CLASS   BANK12         

        CLASS   SFR            

        CLASS   BIGSFR         

        CLASS   CONFIG         
                config                           300000   300000        E         4

        CLASS   IDLOC          
                idloc                            200000   200000        8         5

        CLASS   EEDATA         

        CLASS   FARRAM         

        CLASS   HEAP           

        CLASS   STACK          



SEGMENTS        Name                           Load    Length   Top    Selector   Space  Class

                reset_vec                      000000  000004  000004         0       0  CODE    
                bssCOMRAM                      000001  000056  000057         1       1  COMRAM  
                intcode                        000008  000048  000050         4       0  CODE    
                smallconst                     001000  000018  001018       800       0  SMALLCON
                text11                         001018  000EA2  001EBA       80C       0  CODE    


UNUSED ADDRESS RANGES

        Name                Unused          Largest block    Delta
        BANK0            000060-0000FF               A0
        BANK1            000100-0001FF              100
        BANK10           000A00-000AFF              100
        BANK11           000B00-000BFF              100
        BANK12           000C00-000CFF              100
        BANK2            000200-0002FF              100
        BANK3            000300-0003FF              100
        BANK4            000400-0004FF              100
        BANK5            000500-0005FF              100
        BANK6            000600-0006FF              100
        BANK7            000700-0007FF              100
        BANK8            000800-0008FF              100
        BANK9            000900-0009FF              100
        BIGRAM           000057-000CFF              CA9
        BIGSFR           000D00-000FFF              300
        CODE             000004-000007                4
                         000050-000FFF              FB0
                         001EBA-00BFFF             A146
        COMRAM           000057-00005F                9
        CONST            000004-000007                4
                         000050-000FFF              FB0
                         001EBA-00BFFF             A146
        EEDATA           F00000-F003FF              400
        MEDIUMCONST      001EBA-00BFFF             A146
        RAM              000060-000CFF              100
        SFR              000D00-000FFF              100
        SMALLCONST       001EBA-00BFFF              100

                                  Symbol Table

?_ADC_u16ReadAdcValue                                                      cstackCOMRAM 00003C
?_IOC_T16GetInputPort                                                      cstackCOMRAM 000046
?_PCS_T16GetInputPortC                                                     cstackCOMRAM 00003C
?___ftpack                                                                 cstackCOMRAM 00003C
?___lwtoft                                                                 cstackCOMRAM 000044
ADC_u16ReadAdcValue@U8Channel                                              cstackCOMRAM 000041
ADC_u16ReadAdcValue@U8ChannelValue                                         cstackCOMRAM 000040
DIAGNOSIS_ActivateError@sensorValue                                        cstackCOMRAM 000050
IOC_T16GetInputPort@pinValue                                               cstackCOMRAM 000048
IOC_T16GetInputPort@u16ChannelMask                                         cstackCOMRAM 00004A
IOC_T16GetInputPort@u16ChannelSelect                                       cstackCOMRAM 000046
IOC_vSetOutputPort@u16ChannelMask                                          cstackCOMRAM 000047
IOC_vSetOutputPort@u16ChannelSelect                                        cstackCOMRAM 000044
IOC_vSetOutputPort@u8Value                                                 cstackCOMRAM 000046
LIGHTS_BrakeRun@counter                                                    bssCOMRAM    00002F
PCS_T16GetInputPortC@u8BitNumber                                           cstackCOMRAM 000044
PCS_T16GetInputPortC@u8BitNumberValue                                      cstackCOMRAM 000045
PCS_vSetOutputPortD@u8BitNumber                                            cstackCOMRAM 000042
PCS_vSetOutputPortD@u8BitNumberValue                                       cstackCOMRAM 000043
PCS_vSetOutputPortD@u8BitValue                                             cstackCOMRAM 000041
PCS_vSetOutputPortD@u8Value                                                cstackCOMRAM 00003C
PCS_vSetOutputPortE@u8BitNumber                                            cstackCOMRAM 000042
PCS_vSetOutputPortE@u8BitNumberValue                                       cstackCOMRAM 000043
PCS_vSetOutputPortE@u8BitValue                                             cstackCOMRAM 000041
PCS_vSetOutputPortE@u8Value                                                cstackCOMRAM 00003C
RS232_vSendDataByte@u8DataByte                                             cstackCOMRAM 00003C
RS232_vSendMessage@u8Count                                                 cstackCOMRAM 000041
RS232_vSendMessage@u8Message                                               cstackCOMRAM 00003D
SGL_BlinkPasiveState@counter                                               bssCOMRAM    000028
SGL_BlinkPasiveState@firstEntry                                            dataCOMRAM   000055
SGL_BlinkPasiveState@toggleLights                                          bssCOMRAM    000034
SGL_BlinkSwitchOffState@counter                                            bssCOMRAM    000024
SGL_BlinkSwitchOffState@cycles                                             bssCOMRAM    000030
SGL_BlinkSwitchOffState@side                                               bssCOMRAM    000022
SGL_BlinkSwitchOffState@toggleLights                                       bssCOMRAM    000032
SGL_BlinkSwitchOnState@counter                                             bssCOMRAM    000026
SGL_BlinkSwitchOnState@firstEntry                                          dataCOMRAM   000054
SGL_BlinkSwitchOnState@side                                                bssCOMRAM    000031
SGL_BlinkSwitchOnState@toggleLights                                        bssCOMRAM    000033
SGL_isNight@currentLightLevel                                              cstackCOMRAM 000050
SGL_isNight@prevState                                                      bssCOMRAM    00002E
SGL_setAllHazardLights@value                                               cstackCOMRAM 000049
SGL_setSideHazardLights@side                                               cstackCOMRAM 000049
SGL_setSideHazardLights@value                                              cstackCOMRAM 00004A
SGL_toggleAllHazardLights@toggle                                           cstackCOMRAM 000049
SGL_toggleSideHazardLights@side                                            cstackCOMRAM 00004B
SGL_toggleSideHazardLights@toggle                                          cstackCOMRAM 000049
_ADCON0bits                                                                (abs)        000FC2
_ADCON1bits                                                                (abs)        000FC1
_ADCON2bits                                                                (abs)        000FC0
_ADC_u16ReadAdcValue                                                       text33       001C3E
_ADC_u16ReadAdcValue$501                                                   cstackCOMRAM 00003E
_ADC_vConversionCompleted                                                  text45       0018C2
_ADC_vInit                                                                 text39       001B7E
_ADRESH                                                                    (abs)        000FC4
_ADRESL                                                                    (abs)        000FC3
_DIAGNOSIS_ActivateError                                                   text24       0015CE
_INTCONbits                                                                (abs)        000FF2
_INT_vInit                                                                 text38       001E46
_INT_vInterruptHandler                                                     intcode      000008
_IOC_T16GetInputPort                                                       text31       001A8C
_IOC_vSetOutputPort                                                        text28       001C00
_IPR1bits                                                                  (abs)        000F9F
_LIGHTS_BrakeInit                                                          text5        001E04
_LIGHTS_BrakeRun                                                           text17       001BC2
_LIGHTS_HeadLampInit                                                       text4        001D4E
_LIGHTS_HeadLampRun                                                        text19       001A36
_PCS_T16GetInputPortC                                                      text32       001926
_PCS_T16GetInputPortC$843                                                  cstackCOMRAM 000042
_PCS_vInit                                                                 text37       001DE8
_PCS_vSetOutputPortD                                                       text30       001752
_PCS_vSetOutputPortD$833                                                   cstackCOMRAM 00003F
_PCS_vSetOutputPortE                                                       text29       0016D4
_PCS_vSetOutputPortE$839                                                   cstackCOMRAM 00003F
_PIE1bits                                                                  (abs)        000F9D
_PIR1bits                                                                  (abs)        000F9E
_PORTC                                                                     (abs)        000F82
_PORTD                                                                     (abs)        000F83
_PORTE                                                                     (abs)        000F84
_PR2                                                                       (abs)        000FCB
_RCSTAbits                                                                 (abs)        000FAB
_RS232_vInit                                                               text42       001E5A
_RS232_vSendDataByte                                                       text41       001E80
_RS232_vSendMessage                                                        text40       001984
_SCHED_vInitSystem                                                         text35       001E1A
_SCHED_vStartScheduler                                                     text1        00184C
_SCHED_vTickFunctionCall                                                   text44       001E30
_SGL_BlinkEventPoll                                                        text16       001CB2
_SGL_BlinkPasiveState                                                      text9        001110
_SGL_BlinkSwitchOffState                                                   text10       0011F0
_SGL_BlinkSwitchOnState                                                    text11       001018
_SGL_BlinkersInit                                                          text3        001C7C
_SGL_BlinkersRun                                                           text8        0019E0
_SGL_HeadLightActiveState                                                  text20       00138A
_SGL_HeadLightEventPoll                                                    text23       001D78
_SGL_HeadLightPasiveState                                                  text21       00142E
_SGL_isNight                                                               text22       001546
_SGL_setAllHazardLights                                                    text15       001B36
_SGL_setSideHazardLights                                                   text12       001AE2
_SGL_toggleAllHazardLights                                                 text14       0017D0
_SGL_toggleSideHazardLights                                                text13       0014BE
_SPBRG                                                                     (abs)        000FAF
_SPBRGH                                                                    (abs)        000F7F
_T2CON                                                                     (abs)        000FCA
_T2CONbits                                                                 (abs)        000FCA
_TASK_vTask100ms                                                           text34       001EB0
_TASK_vTask10ms                                                            text18       001EA0
_TASK_vTask1ms                                                             text7        001E92
_TASK_vTask1s                                                              text6        001EAA
_TASK_vTaskAppInit                                                         text2        001E6E
_TIM_vInit                                                                 text36       001CE8
_TMR2                                                                      (abs)        000FCC
_TRISAbits                                                                 (abs)        000F92
_TRISCbits                                                                 (abs)        000F94
_TRISD                                                                     (abs)        000F95
_TRISEbits                                                                 (abs)        000F96
_TXREG                                                                     (abs)        000FAD
_TXSTAbits                                                                 (abs)        000FAC
__HRAM                                                                     (abs)        000000
__Habs1                                                                    abs1         000000
__Hbank0                                                                   bank0        000000
__Hbank1                                                                   bank1        000000
__Hbank10                                                                  bank10       000000
__Hbank11                                                                  bank11       000000
__Hbank12                                                                  bank12       000000
__Hbank2                                                                   bank2        000000
__Hbank3                                                                   bank3        000000
__Hbank4                                                                   bank4        000000
__Hbank5                                                                   bank5        000000
__Hbank6                                                                   bank6        000000
__Hbank7                                                                   bank7        000000
__Hbank8                                                                   bank8        000000
__Hbank9                                                                   bank9        000000
__Hbigbss                                                                  bigbss       000000
__Hbigdata                                                                 bigdata      000000
__Hbigram                                                                  bigram       000000
__Hbigsfr                                                                  bigsfr       000000
__Hbss                                                                     bss          000000
__HbssCOMRAM                                                               bssCOMRAM    000000
__Hcinit                                                                   cinit        000000
__Hclrtext                                                                 clrtext      000000
__Hcomram                                                                  comram       000000
__Hconfig                                                                  config       30000E
__Hconst                                                                   const        000000
__HcstackCOMRAM                                                            cstackCOMRAM 000000
__Hdata                                                                    data         000000
__HdataCOMRAM                                                              dataCOMRAM   000000
__Heeprom_data                                                             eeprom_data  000000
__Hfarbss                                                                  farbss       000000
__Hfardata                                                                 fardata      000000
__Hheap                                                                    heap         000000
__Hibigdata                                                                ibigdata     000000
__Hidata                                                                   idata        000000
__HidataCOMRAM                                                             idataCOMRAM  000000
__Hidloc                                                                   idloc        200008
__Hifardata                                                                ifardata     000000
__Hinit                                                                    init         000050
__Hintcode                                                                 intcode      00004C
__Hintcode_body                                                            intcode_body 000000
__Hintcodelo                                                               intcodelo    00004C
__Hintentry                                                                intentry     000000
__Hintret                                                                  intret       000000
__Hintsave_regs                                                            intsave_regs 000000
__Hirdata                                                                  irdata       000000
__Hmediumconst                                                             mediumconst  000000
__HnvFARRAM                                                                nvFARRAM     000000
__Hnvbit                                                                   nvbit        000000
__Hnvrram                                                                  nvrram       000000
__Hparam                                                                   rparam       000000
__Hpowerup                                                                 powerup      00004C
__Hram                                                                     ram          000000
__Hramtop                                                                  ramtop       001000
__Hrbit                                                                    rbit         000000
__Hrbss                                                                    rbss         000000
__Hrdata                                                                   rdata        000000
__Hreset_vec                                                               reset_vec    000004
__Hrparam                                                                  rparam       000000
__Hsfr                                                                     sfr          000000
__Hsmallconst                                                              smallconst   001018
__Hspace_0                                                                 (abs)        001EBA
__Hspace_1                                                                 (abs)        000057
__Hspace_2                                                                 (abs)        000000
__Hspace_4                                                                 (abs)        60000E
__Hstack                                                                   stack        000000
__Hstruct                                                                  struct       000000
__Htemp                                                                    temp         000057
__Htext                                                                    text         000000
__Htext0                                                                   text0        000000
__Htext1                                                                   text1        000000
__Htext10                                                                  text10       000000
__Htext11                                                                  text11       000000
__Htext12                                                                  text12       000000
__Htext13                                                                  text13       000000
__Htext14                                                                  text14       000000
__Htext15                                                                  text15       000000
__Htext16                                                                  text16       000000
__Htext17                                                                  text17       000000
__Htext18                                                                  text18       000000
__Htext19                                                                  text19       000000
__Htext2                                                                   text2        000000
__Htext20                                                                  text20       000000
__Htext21                                                                  text21       000000
__Htext22                                                                  text22       000000
__Htext23                                                                  text23       000000
__Htext24                                                                  text24       000000
__Htext25                                                                  text25       000000
__Htext26                                                                  text26       000000
__Htext27                                                                  text27       000000
__Htext28                                                                  text28       000000
__Htext29                                                                  text29       000000
__Htext3                                                                   text3        000000
__Htext30                                                                  text30       000000
__Htext31                                                                  text31       000000
__Htext32                                                                  text32       000000
__Htext33                                                                  text33       000000
__Htext34                                                                  text34       000000
__Htext35                                                                  text35       000000
__Htext36                                                                  text36       000000
__Htext37                                                                  text37       000000
__Htext38                                                                  text38       000000
__Htext39                                                                  text39       000000
__Htext4                                                                   text4        000000
__Htext40                                                                  text40       000000
__Htext41                                                                  text41       000000
__Htext42                                                                  text42       000000
__Htext44                                                                  text44       000000
__Htext45                                                                  text45       000000
__Htext46                                                                  text46       000000
__Htext5                                                                   text5        000000
__Htext6                                                                   text6        000000
__Htext7                                                                   text7        000000
__Htext8                                                                   text8        000000
__Htext9                                                                   text9        000000
__LRAM                                                                     (abs)        000001
__Labs1                                                                    abs1         000000
__Lbank0                                                                   bank0        000000
__Lbank1                                                                   bank1        000000
__Lbank10                                                                  bank10       000000
__Lbank11                                                                  bank11       000000
__Lbank12                                                                  bank12       000000
__Lbank2                                                                   bank2        000000
__Lbank3                                                                   bank3        000000
__Lbank4                                                                   bank4        000000
__Lbank5                                                                   bank5        000000
__Lbank6                                                                   bank6        000000
__Lbank7                                                                   bank7        000000
__Lbank8                                                                   bank8        000000
__Lbank9                                                                   bank9        000000
__Lbigbss                                                                  bigbss       000000
__Lbigdata                                                                 bigdata      000000
__Lbigram                                                                  bigram       000000
__Lbigsfr                                                                  bigsfr       000000
__Lbss                                                                     bss          000000
__LbssCOMRAM                                                               bssCOMRAM    000000
__Lcinit                                                                   cinit        000000
__Lclrtext                                                                 clrtext      000000
__Lcomram                                                                  comram       000000
__Lconfig                                                                  config       000000
__Lconst                                                                   const        000000
__LcstackCOMRAM                                                            cstackCOMRAM 000000
__Ldata                                                                    data         000000
__LdataCOMRAM                                                              dataCOMRAM   000000
__Leeprom_data                                                             eeprom_data  000000
__Lfarbss                                                                  farbss       000000
__Lfardata                                                                 fardata      000000
__Lheap                                                                    heap         000000
__Libigdata                                                                ibigdata     000000
__Lidata                                                                   idata        000000
__LidataCOMRAM                                                             idataCOMRAM  000000
__Lidloc                                                                   idloc        000000
__Lifardata                                                                ifardata     000000
__Linit                                                                    init         00004C
__Lintcode                                                                 intcode      000008
__Lintcode_body                                                            intcode_body 000000
__Lintcodelo                                                               intcodelo    00004C
__Lintentry                                                                intentry     000000
__Lintret                                                                  intret       000000
__Lintsave_regs                                                            intsave_regs 000000
__Lirdata                                                                  irdata       000000
__Lmediumconst                                                             mediumconst  000000
__LnvFARRAM                                                                nvFARRAM     000000
__Lnvbit                                                                   nvbit        000000
__Lnvrram                                                                  nvrram       000000
__Lparam                                                                   rparam       000000
__Lpowerup                                                                 powerup      00004C
__Lram                                                                     ram          000000
__Lramtop                                                                  ramtop       001000
__Lrbit                                                                    rbit         000000
__Lrbss                                                                    rbss         000000
__Lrdata                                                                   rdata        000000
__Lreset_vec                                                               reset_vec    000000
__Lrparam                                                                  rparam       000000
__Lsfr                                                                     sfr          000000
__Lsmallconst                                                              smallconst   001000
__Lspace_0                                                                 (abs)        000000
__Lspace_1                                                                 (abs)        000000
__Lspace_2                                                                 (abs)        000000
__Lspace_4                                                                 (abs)        000000
__Lstack                                                                   stack        000000
__Lstruct                                                                  struct       000000
__Ltemp                                                                    temp         000056
__Ltext                                                                    text         000000
__Ltext0                                                                   text0        000000
__Ltext1                                                                   text1        000000
__Ltext10                                                                  text10       000000
__Ltext11                                                                  text11       000000
__Ltext12                                                                  text12       000000
__Ltext13                                                                  text13       000000
__Ltext14                                                                  text14       000000
__Ltext15                                                                  text15       000000
__Ltext16                                                                  text16       000000
__Ltext17                                                                  text17       000000
__Ltext18                                                                  text18       000000
__Ltext19                                                                  text19       000000
__Ltext2                                                                   text2        000000
__Ltext20                                                                  text20       000000
__Ltext21                                                                  text21       000000
__Ltext22                                                                  text22       000000
__Ltext23                                                                  text23       000000
__Ltext24                                                                  text24       000000
__Ltext25                                                                  text25       000000
__Ltext26                                                                  text26       000000
__Ltext27                                                                  text27       000000
__Ltext28                                                                  text28       000000
__Ltext29                                                                  text29       000000
__Ltext3                                                                   text3        000000
__Ltext30                                                                  text30       000000
__Ltext31                                                                  text31       000000
__Ltext32                                                                  text32       000000
__Ltext33                                                                  text33       000000
__Ltext34                                                                  text34       000000
__Ltext35                                                                  text35       000000
__Ltext36                                                                  text36       000000
__Ltext37                                                                  text37       000000
__Ltext38                                                                  text38       000000
__Ltext39                                                                  text39       000000
__Ltext4                                                                   text4        000000
__Ltext40                                                                  text40       000000
__Ltext41                                                                  text41       000000
__Ltext42                                                                  text42       000000
__Ltext44                                                                  text44       000000
__Ltext45                                                                  text45       000000
__Ltext46                                                                  text46       000000
__Ltext5                                                                   text5        000000
__Ltext6                                                                   text6        000000
__Ltext7                                                                   text7        000000
__Ltext8                                                                   text8        000000
__Ltext9                                                                   text9        000000
__S0                                                                       (abs)        001EBA
__S1                                                                       (abs)        000057
__S4                                                                       (abs)        000000
__S5                                                                       (abs)        000000
___ftge                                                                    text27       001654
___ftge@ff1                                                                cstackCOMRAM 000047
___ftge@ff2                                                                cstackCOMRAM 00004A
___ftpack                                                                  text26       0012C6
___ftpack@arg                                                              cstackCOMRAM 00003C
___ftpack@exp                                                              cstackCOMRAM 00003F
___ftpack@sign                                                             cstackCOMRAM 000040
___heap_hi                                                                 (abs)        000000
___heap_lo                                                                 (abs)        000000
___inthi_sp                                                                stack        000000
___intlo_sp                                                                stack        000000
___lwtoft                                                                  text25       001DA2
___lwtoft@c                                                                cstackCOMRAM 000044
___param_bank                                                              (abs)        000000
___rparam_used                                                             (abs)        000001
___sp                                                                      stack        000000
__accesstop                                                                (abs)        000060
__activetblptr                                                             (abs)        000002
__cntErrataNOP_C:\Users\Buggy\AppData\Local\Temp\xcAs3s4.o                 (abs)        000001
__cntErrataNOP_dist/default/production\Proiect_PSI_L5_Start.X.production.o (abs)        0000BB
__end_of_ADC_u16ReadAdcValue                                               text33       001C7C
__end_of_ADC_vConversionCompleted                                          text45       001926
__end_of_ADC_vInit                                                         text39       001BC2
__end_of_DIAGNOSIS_ActivateError                                           text24       001654
__end_of_INT_vInit                                                         text38       001E5A
__end_of_INT_vInterruptHandler                                             intcode      00004C
__end_of_IOC_T16GetInputPort                                               text31       001AE2
__end_of_IOC_vSetOutputPort                                                text28       001C3E
__end_of_LIGHTS_BrakeInit                                                  text5        001E1A
__end_of_LIGHTS_BrakeRun                                                   text17       001C00
__end_of_LIGHTS_HeadLampInit                                               text4        001D78
__end_of_LIGHTS_HeadLampRun                                                text19       001A8C
__end_of_PCS_T16GetInputPortC                                              text32       001984
__end_of_PCS_vInit                                                         text37       001E04
__end_of_PCS_vSetOutputPortD                                               text30       0017D0
__end_of_PCS_vSetOutputPortE                                               text29       001752
__end_of_RS232_vInit                                                       text42       001E6E
__end_of_RS232_vSendDataByte                                               text41       001E92
__end_of_RS232_vSendMessage                                                text40       0019E0
__end_of_SCHED_vInitSystem                                                 text35       001E30
__end_of_SCHED_vStartScheduler                                             text1        0018C2
__end_of_SCHED_vTickFunctionCall                                           text44       001E46
__end_of_SGL_BlinkEventPoll                                                text16       001CE8
__end_of_SGL_BlinkPasiveState                                              text9        0011F0
__end_of_SGL_BlinkSwitchOffState                                           text10       0012C6
__end_of_SGL_BlinkSwitchOnState                                            text11       001110
__end_of_SGL_BlinkersInit                                                  text3        001CB2
__end_of_SGL_BlinkersRun                                                   text8        001A36
__end_of_SGL_HeadLightActiveState                                          text20       00142E
__end_of_SGL_HeadLightEventPoll                                            text23       001DA2
__end_of_SGL_HeadLightPasiveState                                          text21       0014BE
__end_of_SGL_isNight                                                       text22       0015CE
__end_of_SGL_setAllHazardLights                                            text15       001B7E
__end_of_SGL_setSideHazardLights                                           text12       001B36
__end_of_SGL_toggleAllHazardLights                                         text14       00184C
__end_of_SGL_toggleSideHazardLights                                        text13       001546
__end_of_TASK_vTask100ms                                                   text34       001EB6
__end_of_TASK_vTask10ms                                                    text18       001EAA
__end_of_TASK_vTask1ms                                                     text7        001EA0
__end_of_TASK_vTask1s                                                      text6        001EB0
__end_of_TASK_vTaskAppInit                                                 text2        001E80
__end_of_TIM_vInit                                                         text36       001D1C
__end_of___ftge                                                            text27       0016D4
__end_of___ftpack                                                          text26       00138A
__end_of___lwtoft                                                          text25       001DCA
__end_of__initialization                                                   cinit        001D40
__end_of_main                                                              text0        001DE8
__initialization                                                           cinit        001D1C
__mediumconst                                                              mediumconst  000000
__pbssCOMRAM                                                               bssCOMRAM    000001
__pcinit                                                                   cinit        001D1C
__pcstackCOMRAM                                                            cstackCOMRAM 000035
__pdataCOMRAM                                                              dataCOMRAM   000054
__pidataCOMRAM                                                             idataCOMRAM  001EB6
__pintcode                                                                 intcode      000008
__psmallconst                                                              smallconst   001000
__ptext0                                                                   text0        001DCA
__ptext1                                                                   text1        00184C
__ptext10                                                                  text10       0011F0
__ptext11                                                                  text11       001018
__ptext12                                                                  text12       001AE2
__ptext13                                                                  text13       0014BE
__ptext14                                                                  text14       0017D0
__ptext15                                                                  text15       001B36
__ptext16                                                                  text16       001CB2
__ptext17                                                                  text17       001BC2
__ptext18                                                                  text18       001EA0
__ptext19                                                                  text19       001A36
__ptext2                                                                   text2        001E6E
__ptext20                                                                  text20       00138A
__ptext21                                                                  text21       00142E
__ptext22                                                                  text22       001546
__ptext23                                                                  text23       001D78
__ptext24                                                                  text24       0015CE
__ptext25                                                                  text25       001DA2
__ptext26                                                                  text26       0012C6
__ptext27                                                                  text27       001654
__ptext28                                                                  text28       001C00
__ptext29                                                                  text29       0016D4
__ptext3                                                                   text3        001C7C
__ptext30                                                                  text30       001752
__ptext31                                                                  text31       001A8C
__ptext32                                                                  text32       001926
__ptext33                                                                  text33       001C3E
__ptext34                                                                  text34       001EB0
__ptext35                                                                  text35       001E1A
__ptext36                                                                  text36       001CE8
__ptext37                                                                  text37       001DE8
__ptext38                                                                  text38       001E46
__ptext39                                                                  text39       001B7E
__ptext4                                                                   text4        001D4E
__ptext40                                                                  text40       001984
__ptext41                                                                  text41       001E80
__ptext42                                                                  text42       001E5A
__ptext44                                                                  text44       001E30
__ptext45                                                                  text45       0018C2
__ptext46                                                                  text46       000000
__ptext5                                                                   text5        001E04
__ptext6                                                                   text6        001EAA
__ptext7                                                                   text7        001E92
__ptext8                                                                   text8        0019E0
__ptext9                                                                   text9        001110
__ramtop                                                                   ramtop       001000
__smallconst                                                               smallconst   001000
_au16AdcReadValue                                                          bssCOMRAM    000016
_blinkerSM                                                                 bssCOMRAM    000001
_g_lightStateFrana                                                         bssCOMRAM    000020
_g_lightStateLumini                                                        bssCOMRAM    00001E
_g_sglStareSemnal                                                          bssCOMRAM    00002A
_headLightSM                                                               bssCOMRAM    00000D
_main                                                                      text0        001DCA
_sched_bTicked                                                             bssCOMRAM    00001A
_sched_gTick100ms                                                          bssCOMRAM    00002C
_sched_gTick10ms                                                           bssCOMRAM    00002D
_sched_gTick1s                                                             bssCOMRAM    00001C
btemp                                                                      temp         000056
end_of_initialization                                                      cinit        001D40
int$flags                                                                  temp         000056
intlevel0                                                                  text         001EB8
intlevel1                                                                  text         001EB8
intlevel2                                                                  text         001EB8
intlevel3                                                                  text         001EB8
isa$std                                                                    (abs)        000001
isa$xinst                                                                  (abs)        000000
stackhi                                                                    (abs)        000000
stacklo                                                                    (abs)        000000
start                                                                      init         00004C
start_initialization                                                       cinit        001D1C
ttemp5                                                                     temp         000057
ttemp6                                                                     temp         00005A
ttemp7                                                                     temp         00005E
wtemp8                                                                     temp         000057


MODULE INFORMATION

Module		Function		Class		Link	Load	Size
lights.c
		_SGL_HeadLightActiveState		CODE           	138A	0000	164
		_SGL_HeadLightPasiveState		CODE           	142E	0000	144
		_LIGHTS_BrakeInit		CODE           	1E04	0000	22
		_SGL_isNight   		CODE           	1546	0000	136
		_SGL_HeadLightEventPoll		CODE           	1D78	0000	42
		_LIGHTS_HeadLampInit		CODE           	1D4E	0000	42
		_LIGHTS_BrakeRun		CODE           	1BC2	0000	62
		_LIGHTS_HeadLampRun		CODE           	1A36	0000	86

lights.c estimated size: 698

C:\Program Files\Microchip\xc8\v2.40\pic\sources\c90\common\ftge.c
		___ftge        		CODE           	1654	0000	128

C:\Program Files\Microchip\xc8\v2.40\pic\sources\c90\common\ftge.c estimated size: 128

ioc.c
		_IOC_T16GetInputPort		CODE           	1A8C	0000	86
		_IOC_vSetOutputPort		CODE           	1C00	0000	62

ioc.c estimated size: 148

sched.c
		_SCHED_vTickFunctionCall		CODE           	1E30	0000	22
		_SCHED_vInitSystem		CODE           	1E1A	0000	22
		_SCHED_vStartScheduler		CODE           	184C	0000	118

sched.c estimated size: 162

C:\Program Files\Microchip\xc8\v2.40\pic\sources\c90\common\lwtoft.c
		___lwtoft      		CODE           	1DA2	0000	40

C:\Program Files\Microchip\xc8\v2.40\pic\sources\c90\common\lwtoft.c estimated size: 40

pcs.c
		_PCS_vInit     		CODE           	1DE8	0000	28
		_PCS_vSetOutputPortD		CODE           	1752	0000	126
		_PCS_vSetOutputPortE		CODE           	16D4	0000	126
		_PCS_T16GetInputPortC		CODE           	1926	0000	94

pcs.c estimated size: 374

adc.c
		_ADC_vConversionCompleted		CODE           	18C2	0000	100
		_ADC_vInit     		CODE           	1B7E	0000	68
		_ADC_u16ReadAdcValue		CODE           	1C3E	0000	62

adc.c estimated size: 230

diagnosis.c
		_DIAGNOSIS_ActivateError		CODE           	15CE	0000	134

diagnosis.c estimated size: 134

C:\Program Files\Microchip\xc8\v2.40\pic\sources\c90\common\float.c
		___ftpack      		CODE           	12C6	0000	196

C:\Program Files\Microchip\xc8\v2.40\pic\sources\c90\common\float.c estimated size: 196

tasks.c
		_TASK_vTask1s  		CODE           	1EAA	0000	6
		_TASK_vTask1ms 		CODE           	1E92	0000	14
		_TASK_vTask10ms		CODE           	1EA0	0000	10
		_TASK_vTaskAppInit		CODE           	1E6E	0000	18
		_TASK_vTask100ms		CODE           	1EB0	0000	6

tasks.c estimated size: 54

RS232.c
		_RS232_vSendMessage		CODE           	1984	0000	92
		_RS232_vSendDataByte		CODE           	1E80	0000	18
		_RS232_vInit   		CODE           	1E5A	0000	20

RS232.c estimated size: 130

int.c
		_INT_vInit     		CODE           	1E46	0000	20
		_INT_vInterruptHandler		CODE           	0008	0000	68

int.c estimated size: 88

shared
		__initialization		CODE           	1D1C	0000	36

shared estimated size: 36

sgl.c
		_SGL_BlinkersRun		CODE           	19E0	0000	86
		_SGL_BlinkEventPoll		CODE           	1CB2	0000	54
		_SGL_setAllHazardLights		CODE           	1B36	0000	72
		_SGL_setSideHazardLights		CODE           	1AE2	0000	84
		_SGL_toggleAllHazardLights		CODE           	17D0	0000	124
		_SGL_BlinkSwitchOffState		CODE           	11F0	0000	214
		_SGL_BlinkSwitchOnState		CODE           	1018	0000	248
		_SGL_BlinkPasiveState		CODE           	1110	0000	224
		_SGL_BlinkersInit		CODE           	1C7C	0000	54
		_SGL_toggleSideHazardLights		CODE           	14BE	0000	136

sgl.c estimated size: 1296

tim.c
		_TIM_vInit     		CODE           	1CE8	0000	52

tim.c estimated size: 52

main.c
		_main          		CODE           	1DCA	0000	30

main.c estimated size: 30

